// 同步 ID: a198acef @ Sun Jul 26 10:45:13 UTC 2026
// 重构日志: cfa1bbe7
// 重构日志: d25dc46c
// 同步 ID: 06be934d @ Tue Jul 28 05:03:46 UTC 2026
// 同步 ID: e298a013 @ Tue Jul 28 13:19:14 UTC 2026
// 重构日志: 2096cafb
// 重构日志: 4a4bf7c6
// 同步 ID: a69c065d @ Thu Jul 30 14:52:56 UTC 2026
// 重构日志: 680ebac6
// 重构日志: 0c533447
// 同步 ID: bd74561b @ Sun Aug  2 05:10:16 UTC 2026
// 重构日志: c07c76d1
// 重构日志: e603808c
// 同步 ID: 169a126a @ Mon Aug  3 16:03:35 UTC 2026
// 重构日志: de6fb555
// 同步 ID: ea5e302c @ Mon Aug  3 22:01:34 UTC 2026
// 同步 ID: e3bccd37 @ Tue Aug  4 10:25:49 UTC 2026
// 同步 ID: 2ee9e5d0 @ Tue Aug  4 16:02:38 UTC 2026
// 重构日志: 2cef460e
// 同步 ID: b73e13dc @ Tue Aug  4 19:49:29 UTC 2026
// 同步 ID: 0c84df3f @ Wed Aug  5 06:27:42 UTC 2026
// 重构日志: 15854cb0
// 重构日志: bc174f9b
// 重构日志: fada419f
// 同步 ID: 10b75121 @ Thu Aug  6 03:35:36 UTC 2026
// 重构日志: 9f9caef7
// 同步 ID: e4d9dca9 @ Thu Aug  6 15:39:38 UTC 2026
// 重构日志: 6a0aea2d
// 重构日志: b2242f4b
// 同步 ID: 9d7c86ee @ Fri Aug  7 17:40:07 UTC 2026
